// Jest Snapshot v1, https://goo.gl/fbAQLP

exports[`Day 4 solution Part one 1`] = `239`;
