// Jest Snapshot v1, https://goo.gl/fbAQLP

exports[`Day 2 solution Part one 1`] = `591`;
