// Jest Snapshot v1, https://goo.gl/fbAQLP

exports[`Day 6 solution Part one: Find the sum of questions for each group 1`] = `6633`;
